
> web@0.1.0 build
> npx next build

▲ Next.js 16.1.1 (Turbopack)
- Environments: .env
- Experiments (use with caution):
  · optimizePackageImports
  · serverActions
  ✓ useCache

⚠ The "middleware" file convention is deprecated. Please use "proxy" instead. Learn more: https://nextjs.org/docs/messages/middleware-to-proxy
  Creating an optimized production build ...
✓ Compiled successfully in 111s
  Running TypeScript ...
Failed to compile.

./app/[locale]/(shop)/categories/page.tsx:18:28
Type error: Type 'Category[] | undefined' is not assignable to type 'any[]'.
  Type 'undefined' is not assignable to type 'any[]'.

[0m [90m 16 |[39m   [36mconst[39m categories [33m=[39m categoriesRes[33m.[39msuccess [33m?[39m categoriesRes[33m.[39mdata [33m:[39m [][33m;[39m
 [90m 17 |[39m
[31m[1m>[22m[39m[90m 18 |[39m   [36mreturn[39m [33m<[39m[33mCategoriesClient[39m categories[33m=[39m{categories} [33m/[39m[33m>[39m[33m;[39m
 [90m    |[39m                            [31m[1m^[22m[39m
 [90m 19 |[39m }
 [90m 20 |[39m[0m
Next.js build worker exited with code: 1 and signal: null
